------------------------------------------------------------
Timing Analyzer Summary
------------------------------------------------------------

Type  : Slow 1100mV 85C Model Setup 'CLK'
Slack : -1.695
TNS   : -24.999

Type  : Slow 1100mV 85C Model Hold 'CLK'
Slack : 0.419
TNS   : 0.000

Type  : Slow 1100mV 85C Model Minimum Pulse Width 'CLK'
Slack : -0.724
TNS   : -24.503

Type  : Slow 1100mV 0C Model Setup 'CLK'
Slack : -1.888
TNS   : -23.040

Type  : Slow 1100mV 0C Model Hold 'CLK'
Slack : 0.410
TNS   : 0.000

Type  : Slow 1100mV 0C Model Minimum Pulse Width 'CLK'
Slack : -0.724
TNS   : -24.457

Type  : Fast 1100mV 85C Model Setup 'CLK'
Slack : -0.002
TNS   : -0.002

Type  : Fast 1100mV 85C Model Hold 'CLK'
Slack : 0.177
TNS   : 0.000

Type  : Fast 1100mV 85C Model Minimum Pulse Width 'CLK'
Slack : -0.090
TNS   : -1.909

Type  : Fast 1100mV 0C Model Setup 'CLK'
Slack : 0.027
TNS   : 0.000

Type  : Fast 1100mV 0C Model Hold 'CLK'
Slack : 0.163
TNS   : 0.000

Type  : Fast 1100mV 0C Model Minimum Pulse Width 'CLK'
Slack : -0.088
TNS   : -1.866

------------------------------------------------------------
